Sheet1
2
3
A1 - S1R1CA
B1 - S1R1CB
C1 - S1R1CC
A2 - S1R2CA
B2 - S1R2CB
C2 - S1R2CC