<xlrd.Book object at ...>
<xlrd.Book object at ...>
<xlrd.Book object at ...>
