Sheet: Sheet1
S1R1CA,S1R1CB,S1R1CC
S1R2CA,S1R2CB,S1R2CC
S1R3CA,S1R3CB,S1R3CC

Sheet: Sheet2
S2R1CA,S2R1CB,S2R1CC
S2R2CA,S2R2CB,S2R2CC
S2R3CA,S2R3CB,S2R3CC
